// Jest Snapshot v1, https://goo.gl/fbAQLP

exports[`Renders correctly 1`] = `
<div
  className="profile-card card"
>
  <div
    className="card-body"
  >
    <div
      className="card-title h5"
    >
      Profile #
      1
    </div>
    <div
      className="mb-2 text-muted card-subtitle h6"
    >
      Harry Potter
    </div>
    <p
      className="d-flex flex-column card-text"
    >
      <span>
        Gender: 
        Male
      </span>
      <span>
        Birthdate: 
        2021-02-13
      </span>
      <span>
        City: 
        London
      </span>
    </p>
    <a
      className="card-link"
      onClick={[Function]}
      style={
        Object {
          "cursor": "pointer",
        }
      }
    >
      Edit
    </a>
    <a
      className="card-link"
      onClick={[Function]}
      style={
        Object {
          "cursor": "pointer",
        }
      }
    >
      Delete
    </a>
  </div>
</div>
`;
