// Jest Snapshot v1, https://goo.gl/fbAQLP

exports[`renders correctly 1`] = `
<div
  className="auth-form"
>
  <div
    aria-label="Basic example"
    className="auth-form__auth-buttons btn-group"
    role="group"
  >
    <button
      className="btn btn-primary"
      disabled={false}
      onClick={[Function]}
      type="button"
    >
      Login
    </button>
    <button
      className="btn btn-primary"
      disabled={false}
      onClick={[Function]}
      type="button"
    >
      Register
    </button>
  </div>
  
</div>
`;
