// Jest Snapshot v1, https://goo.gl/fbAQLP

exports[`Renders correctly 1`] = `
<form
  className="user-card-edit"
  onSubmit={[Function]}
>
  <div
    className="user-card-edit__close-container"
  >
    <button
      className="user-card-edit__close_btn"
      onClick={[Function]}
    >
      <img
        alt="Close creation of the new profile"
        className="user-card-edit__close-img"
        src="cancel.svg"
      />
    </button>
  </div>
  <div>
    <label
      htmlFor="name-field"
    >
      Name:
    </label>
    <input
      defaultValue="Harry Potter"
      id="name-field"
      minLength="2"
      required={true}
      type="name"
    />
  </div>
  <br />
  <div>
    <label
      htmlFor="gender"
    >
      Gender:
    </label>
    <select
      defaultValue="Male"
      id="gender"
      name="gender"
      required={true}
    >
      <option
        value="Male"
      >
        Male
      </option>
      <option
        value="Female"
      >
        Female
      </option>
      <option
        value="Other"
      >
        Other
      </option>
    </select>
  </div>
  <br />
  <div>
    <label
      htmlFor="email-field"
    >
      Birthdate: 
    </label>
    <input
      defaultValue="2021-02-13"
      name="calendar"
      required={true}
      type="date"
    />
  </div>
  <br />
  <div>
    <label
      htmlFor="city-field"
    >
      City: 
    </label>
    <input
      defaultValue="London"
      id="city-field"
      required={true}
      type="text"
    />
    <br />
  </div>
  <div
    className="submit-btn"
  >
    <button
      className="btn btn-success"
      disabled={false}
      type="submit"
    >
      Create
    </button>
  </div>
</form>
`;
